// Jest Snapshot v1, https://goo.gl/fbAQLP

exports[`<Navigation/> renders correctly 1`] = `
<DocumentFragment>
  .c5 {
  background: inherit;
  border-radius: 4px;
  font-weight: inherit;
  list-style-type: none;
  margin-bottom: 12px;
}

.c5:hover {
  background-color: rgb(216,221,224);
}

.c5 a {
  display: -webkit-box;
  display: -webkit-flex;
  display: -ms-flexbox;
  display: flex;
  padding-left: 8px;
  -webkit-text-decoration: none;
  text-decoration: none;
}

.c5 a:focus {
  box-shadow: none;
}

.c5 img {
  padding-top: 2px;
  -webkit-align-self: baseline;
  -ms-flex-item-align: baseline;
  align-self: baseline;
  width: 24px;
  -webkit-flex-shrink: 0;
  -ms-flex-negative: 0;
  flex-shrink: 0;
}

.c5 div {
  padding-left: 4px;
  padding-right: 4px;
  color: rgb(33,43,50);
}

.c3 {
  padding-top: 20px;
}

.c3 div {
  display: -webkit-box;
  display: -webkit-flex;
  display: -ms-flexbox;
  display: flex;
  -webkit-flex-direction: row;
  -ms-flex-direction: row;
  flex-direction: row;
  -webkit-box-pack: justify;
  -webkit-justify-content: space-between;
  -ms-flex-pack: justify;
  justify-content: space-between;
  -webkit-align-items: start;
  -webkit-box-align: start;
  -ms-flex-align: start;
  align-items: start;
}

.c3 button {
  border: none;
  background: inherit;
}

.c3 h4 {
  color: rgb(0,94,184);
}

.c0 {
  padding-top: 24px;
  padding-right: 52px;
  padding-left: 20px;
  -webkit-flex-shrink: 0;
  -ms-flex-negative: 0;
  flex-shrink: 0;
  -webkit-box-flex: 0;
  -webkit-flex-grow: 0;
  -ms-flex-positive: 0;
  flex-grow: 0;
  box-sizing: border-box;
  width: 270px;
}

.c1 {
  padding-bottom: 20px;
  border-bottom: 1px solid rgb(76,98,114);
}

.c2 {
  -webkit-text-decoration: none;
  text-decoration: none;
  color: inherit;
}

.c2:hover {
  color: inherit;
}

.c2:visited {
  color: inherit;
}

.c4 {
  padding-left: 0px;
}

.c4 .nav-list-item div {
  font-weight: 700;
  color: rgb(0,94,184);
}

@media (min-width:641px) {
  .c0 {
    width: 300px;
  }
}

@media (min-width:990px) {
  .c0 {
    width: 360px;
  }
}

<nav
    class="c0"
  >
    <header
      class="c1"
    >
      <a
        class="c2"
        href="/workspaces/1111"
      >
        <h3>
          My workspace
        </h3>
      </a>
      <a
        href="/workspaces/1111"
      >
        About this workspace
      </a>
    </header>
    <section
      class="c3"
    >
      <div>
        <h4>
          Folders
        </h4>
        <button>
          <img
            alt="Hide Folders"
            src="/public/chevronOpen.svg"
          />
        </button>
      </div>
      <ul
        class="c4"
      >
        <li
          class="c5 nav-list-item"
        >
          <a
            href="/workspaces/1111/folders/create-folder"
          >
            <img
              alt="create new folder icon"
              src="/public/createFolder.svg"
            />
            <div>
              Create new folder
            </div>
          </a>
        </li>
        <li
          class="c5"
        >
          <a
            href="/workspaces/1111/folders/1234"
          >
            <img
              alt="folder"
              src="/public/folderClosed.svg"
            />
            <div>
              Folder 1
            </div>
          </a>
        </li>
        <li
          class="c5"
        >
          <a
            href="/workspaces/1111/folders/5678"
          >
            <img
              alt="folder"
              src="/public/folderClosed.svg"
            />
            <div>
              Folder 2
            </div>
          </a>
        </li>
      </ul>
    </section>
  </nav>
</DocumentFragment>
`;
